Component: ARM Compiler 5.06 update 5 (build 528) Tool: armlink [4d35e2]

==============================================================================

Section Cross References

    startup.o(STACK) refers (Special) to heapauxi.o(.text) for __use_two_region_memory
    startup.o(HEAP) refers (Special) to heapauxi.o(.text) for __use_two_region_memory
    startup.o(RESET) refers (Special) to heapauxi.o(.text) for __use_two_region_memory
    startup.o(RESET) refers to startup.o(STACK) for StackMem
    startup.o(RESET) refers to spaceinvaders.o(i.SysTick_Handler) for SysTick_Handler
    startup.o(RESET) refers to spaceinvaders.o(i.GPIOPortE_Handler) for GPIOPortE_Handler
    startup.o(RESET) refers to adc.o(i.ADC0Seq0_Handler) for ADC0Seq0_Handler
    startup.o(RESET) refers to expansion_card.o(i.ADC0Seq1_Handler) for ADC0Seq1_Handler
    startup.o(RESET) refers to timer0.o(i.Timer0A_Handler) for Timer0A_Handler
    startup.o(RESET) refers to spaceinvaders.o(i.GPIOPortF_Handler) for GPIOPortF_Handler
    startup.o(RESET) refers to spaceinvaders.o(i.UART3_Handler) for UART3_Handler
    startup.o(RESET) refers to diskio.o(i.Timer5A_Handler) for Timer5A_Handler
    startup.o(RESET) refers to accelerometer.o(i.WideTimer0A_Handler) for WideTimer0A_Handler
    startup.o(RESET) refers to accelerometer.o(i.WideTimer0B_Handler) for WideTimer0B_Handler
    startup.o(RESET) refers to __main.o(!!!main) for __main
    startup.o(.text) refers (Special) to heapauxi.o(.text) for __use_two_region_memory
    startup.o(.text) refers to startup.o(HEAP) for HeapMem
    startup.o(.text) refers to startup.o(STACK) for StackMem
    random.o(.text) refers to random.o(DATA) for M
    spaceinvaders.o(i.BigExplosions1) refers to st7735.o(i.ST7735_DrawBitmap) for ST7735_DrawBitmap
    spaceinvaders.o(i.BigExplosions1) refers to spaceinvaders.o(.data) for Enemy_exploded
    spaceinvaders.o(i.Boss_Fire_back) refers to spaceinvaders.o(i.Absolute_val) for Absolute_val
    spaceinvaders.o(i.Boss_Fire_back) refers to sound.o(i.Sound_Highpitch) for Sound_Highpitch
    spaceinvaders.o(i.Boss_Fire_back) refers to spaceinvaders.o(.bss) for BWepon
    spaceinvaders.o(i.Boss_special_wepon) refers to spaceinvaders.o(i.Draw_Boss) for Draw_Boss
    spaceinvaders.o(i.Boss_special_wepon) refers to st7735.o(i.ST7735_DrawBitmap) for ST7735_DrawBitmap
    spaceinvaders.o(i.Boss_special_wepon) refers to spaceinvaders.o(.bss) for Boss
    spaceinvaders.o(i.Boss_special_wepon) refers to spaceinvaders.o(.data) for Boss_Sp_rate
    spaceinvaders.o(i.Boss_special_wepon) refers to spaceinvaders.o(.constdata) for Special_wepon_layer1
    spaceinvaders.o(i.Convert_x) refers to spaceinvaders.o(.data) for position_mod_x
    spaceinvaders.o(i.Convert_y) refers to spaceinvaders.o(.data) for position_x
    spaceinvaders.o(i.Draw_Boss) refers to st7735.o(i.ST7735_DrawBitmap) for ST7735_DrawBitmap
    spaceinvaders.o(i.Draw_Boss) refers to spaceinvaders.o(.bss) for Boss
    spaceinvaders.o(i.Draw_Boss) refers to spaceinvaders.o(.data) for Boss_Sp_rate
    spaceinvaders.o(i.Draw_Boss) refers to spaceinvaders.o(.constdata) for BOSS1CLINE1
    spaceinvaders.o(i.Draw_Boss) refers to spaceinvaders.o(i.Kill_Boss) for Kill_Boss
    spaceinvaders.o(i.Draw_Sprites) refers to st7735.o(i.ST7735_DrawBitmap) for ST7735_DrawBitmap
    spaceinvaders.o(i.Draw_Sprites) refers to spaceinvaders.o(i.BigExplosions1) for BigExplosions1
    spaceinvaders.o(i.Draw_Sprites) refers to spaceinvaders.o(.bss) for Enemy
    spaceinvaders.o(i.Draw_Sprites) refers to spaceinvaders.o(.data) for Boss_index
    spaceinvaders.o(i.Draw_Sprites) refers to spaceinvaders.o(.constdata) for ENEMYFiller
    spaceinvaders.o(i.Draw_player) refers to st7735.o(i.ST7735_DrawBitmap) for ST7735_DrawBitmap
    spaceinvaders.o(i.Draw_player) refers to st7735.o(i.ST7735_DrawChar) for ST7735_DrawChar
    spaceinvaders.o(i.Draw_player) refers to spaceinvaders.o(i.Respawn) for Respawn
    spaceinvaders.o(i.Draw_player) refers to spaceinvaders.o(i.Kill_Player) for Kill_Player
    spaceinvaders.o(i.Draw_player) refers to spaceinvaders.o(i.Delay100ms) for Delay100ms
    spaceinvaders.o(i.Draw_player) refers to spaceinvaders.o(i.Losing_screen) for Losing_screen
    spaceinvaders.o(i.Draw_player) refers to spaceinvaders.o(.bss) for Player
    spaceinvaders.o(i.Draw_player) refers to spaceinvaders.o(.constdata) for Playermain
    spaceinvaders.o(i.Draw_player) refers to spaceinvaders.o(.data) for stage_counter
    spaceinvaders.o(i.Draw_wepon) refers to st7735.o(i.ST7735_DrawBitmap) for ST7735_DrawBitmap
    spaceinvaders.o(i.Draw_wepon) refers to spaceinvaders.o(.bss) for Wepon
    spaceinvaders.o(i.Draw_wepon) refers to spaceinvaders.o(.constdata) for Laser0
    spaceinvaders.o(i.EdgeCounter_Init) refers to startup.o(.text) for EnableInterrupts
    spaceinvaders.o(i.Enemy_Fire_back) refers to spaceinvaders.o(i.Absolute_val) for Absolute_val
[...]
    Timer0.c                                 0x00000000   Number         0  timer0.o ABSOLUTE
    dc.s                                     0x00000000   Number         0  dc.o ABSOLUTE
    diskio.c                                 0x00000000   Number         0  diskio.o ABSOLUTE
    ff.c                                     0x00000000   Number         0  ff.o ABSOLUTE
    random.s                                 0x00000000   Number         0  random.o ABSOLUTE
    startup.s                                0x00000000   Number         0  startup.o ABSOLUTE
    !!!main                                  0x00000284   Section        8  __main.o(!!!main)
    !!!scatter                               0x0000028c   Section       52  __scatter.o(!!!scatter)
    !!dczerorl                               0x000002c0   Section       58  __dczerorl.o(!!dczerorl)
    !!handler_zi                             0x000002fc   Section       28  __scatter_zi.o(!!handler_zi)
    .ARM.Collect$$libinit$$00000000          0x00000318   Section        2  libinit.o(.ARM.Collect$$libinit$$00000000)
    .ARM.Collect$$libinit$$00000002          0x0000031a   Section        0  libinit2.o(.ARM.Collect$$libinit$$00000002)
    .ARM.Collect$$libinit$$00000004          0x0000031a   Section        0  libinit2.o(.ARM.Collect$$libinit$$00000004)
    .ARM.Collect$$libinit$$0000000A          0x0000031a   Section        0  libinit2.o(.ARM.Collect$$libinit$$0000000A)
    .ARM.Collect$$libinit$$0000000C          0x0000031a   Section        0  libinit2.o(.ARM.Collect$$libinit$$0000000C)
    .ARM.Collect$$libinit$$0000000E          0x0000031a   Section        0  libinit2.o(.ARM.Collect$$libinit$$0000000E)
    .ARM.Collect$$libinit$$00000011          0x0000031a   Section        0  libinit2.o(.ARM.Collect$$libinit$$00000011)
    .ARM.Collect$$libinit$$00000013          0x0000031a   Section        0  libinit2.o(.ARM.Collect$$libinit$$00000013)
    .ARM.Collect$$libinit$$00000015          0x0000031a   Section        0  libinit2.o(.ARM.Collect$$libinit$$00000015)
    .ARM.Collect$$libinit$$00000017          0x0000031a   Section        0  libinit2.o(.ARM.Collect$$libinit$$00000017)
    .ARM.Collect$$libinit$$00000019          0x0000031a   Section        0  libinit2.o(.ARM.Collect$$libinit$$00000019)
    .ARM.Collect$$libinit$$0000001B          0x0000031a   Section        0  libinit2.o(.ARM.Collect$$libinit$$0000001B)
    .ARM.Collect$$libinit$$0000001D          0x0000031a   Section        0  libinit2.o(.ARM.Collect$$libinit$$0000001D)
    .ARM.Collect$$libinit$$0000001F          0x0000031a   Section        0  libinit2.o(.ARM.Collect$$libinit$$0000001F)
    .ARM.Collect$$libinit$$00000021          0x0000031a   Section        0  libinit2.o(.ARM.Collect$$libinit$$00000021)
    .ARM.Collect$$libinit$$00000023          0x0000031a   Section        0  libinit2.o(.ARM.Collect$$libinit$$00000023)
    .ARM.Collect$$libinit$$00000025          0x0000031a   Section        0  libinit2.o(.ARM.Collect$$libinit$$00000025)
    .ARM.Collect$$libinit$$0000002C          0x0000031a   Section        0  libinit2.o(.ARM.Collect$$libinit$$0000002C)
    .ARM.Collect$$libinit$$0000002E          0x0000031a   Section        0  libinit2.o(.ARM.Collect$$libinit$$0000002E)
    .ARM.Collect$$libinit$$00000030          0x0000031a   Section        0  libinit2.o(.ARM.Collect$$libinit$$00000030)
    .ARM.Collect$$libinit$$00000032          0x0000031a   Section        0  libinit2.o(.ARM.Collect$$libinit$$00000032)
    .ARM.Collect$$libinit$$00000033          0x0000031a   Section        2  libinit2.o(.ARM.Collect$$libinit$$00000033)
    .ARM.Collect$$libshutdown$$00000000      0x0000031c   Section        2  libshutdown.o(.ARM.Collect$$libshutdown$$00000000)
    .ARM.Collect$$libshutdown$$00000002      0x0000031e   Section        0  libshutdown2.o(.ARM.Collect$$libshutdown$$00000002)
    .ARM.Collect$$libshutdown$$00000004      0x0000031e   Section        0  libshutdown2.o(.ARM.Collect$$libshutdown$$00000004)
    .ARM.Collect$$libshutdown$$00000007      0x0000031e   Section        0  libshutdown2.o(.ARM.Collect$$libshutdown$$00000007)
    .ARM.Collect$$libshutdown$$0000000A      0x0000031e   Section        0  libshutdown2.o(.ARM.Collect$$libshutdown$$0000000A)
    .ARM.Collect$$libshutdown$$0000000C      0x0000031e   Section        0  libshutdown2.o(.ARM.Collect$$libshutdown$$0000000C)
    .ARM.Collect$$libshutdown$$0000000F      0x0000031e   Section        0  libshutdown2.o(.ARM.Collect$$libshutdown$$0000000F)
    .ARM.Collect$$libshutdown$$00000010      0x0000031e   Section        2  libshutdown2.o(.ARM.Collect$$libshutdown$$00000010)
    .ARM.Collect$$rtentry$$00000000          0x00000320   Section        0  __rtentry.o(.ARM.Collect$$rtentry$$00000000)
    .ARM.Collect$$rtentry$$00000002          0x00000320   Section        0  __rtentry2.o(.ARM.Collect$$rtentry$$00000002)
    .ARM.Collect$$rtentry$$00000004          0x00000320   Section        6  __rtentry4.o(.ARM.Collect$$rtentry$$00000004)
    .ARM.Collect$$rtentry$$00000009          0x00000326   Section        0  __rtentry2.o(.ARM.Collect$$rtentry$$00000009)
    .ARM.Collect$$rtentry$$0000000A          0x00000326   Section        4  __rtentry2.o(.ARM.Collect$$rtentry$$0000000A)
    .ARM.Collect$$rtentry$$0000000C          0x0000032a   Section        0  __rtentry2.o(.ARM.Collect$$rtentry$$0000000C)
    .ARM.Collect$$rtentry$$0000000D          0x0000032a   Section        8  __rtentry2.o(.ARM.Collect$$rtentry$$0000000D)
    .ARM.Collect$$rtexit$$00000000           0x00000332   Section        2  rtexit.o(.ARM.Collect$$rtexit$$00000000)
    .ARM.Collect$$rtexit$$00000002           0x00000334   Section        0  rtexit2.o(.ARM.Collect$$rtexit$$00000002)
    .ARM.Collect$$rtexit$$00000003           0x00000334   Section        4  rtexit2.o(.ARM.Collect$$rtexit$$00000003)
    .ARM.Collect$$rtexit$$00000004           0x00000338   Section        6  rtexit2.o(.ARM.Collect$$rtexit$$00000004)
    .text                                    0x00000340   Section       48  startup.o(.text)
    .text                                    0x00000370   Section       64  random.o(.text)
    .text                                    0x000003b0   Section        0  heapauxi.o(.text)
    .text                                    0x000003b6   Section       74  sys_stackheap_outer.o(.text)
    .text                                    0x00000400   Section        0  exit.o(.text)
    .text                                    0x00000414   Section        8  libspace.o(.text)
    .text                                    0x0000041c   Section        0  sys_exit.o(.text)
    .text                                    0x00000428   Section        2  use_no_semi.o(.text)
    .text                                    0x0000042a   Section        0  indicate_semi.o(.text)
    i.ADC0Seq0_Handler                       0x0000042c   Section        0  adc.o(i.ADC0Seq0_Handler)
    i.ADC0Seq1_Handler                       0x00000484   Section        0  expansion_card.o(i.ADC0Seq1_Handler)
    i.ADC0_In_x                              0x000004dc   Section        0  adc.o(i.ADC0_In_x)
    i.ADC0_In_y                              0x000004e8   Section        0  adc.o(i.ADC0_In_y)
    i.ADC0_Init                              0x000004f4   Section        0  adc.o(i.ADC0_Init)
    i.Absolute_val                           0x000005fc   Section        0  spaceinvaders.o(i.Absolute_val)
    i.Accelerometer_init                     0x0000060c   Section        0  accelerometer.o(i.Accelerometer_init)
    i.BigExplosions1                         0x000007d8   Section        0  spaceinvaders.o(i.BigExplosions1)
    i.Boss_Fire_back                         0x00000b58   Section        0  spaceinvaders.o(i.Boss_Fire_back)
    i.Boss_special_wepon                     0x00000df4   Section        0  spaceinvaders.o(i.Boss_special_wepon)
    i.Convert_accelerometer1                 0x00000fe0   Section        0  accelerometer.o(i.Convert_accelerometer1)
    i.Convert_accelerometer2                 0x000010b0   Section        0  accelerometer.o(i.Convert_accelerometer2)
    i.Convert_x                              0x00001180   Section        0  spaceinvaders.o(i.Convert_x)
    i.Convert_y                              0x00001224   Section        0  spaceinvaders.o(i.Convert_y)
    i.DAC_Init                               0x000012d4   Section        0  dac.o(i.DAC_Init)
    i.DAC_Out                                0x00001350   Section        0  dac.o(i.DAC_Out)
    i.Delay100ms                             0x0000135c   Section        0  spaceinvaders.o(i.Delay100ms)
    i.Delay1ms                               0x00001380   Section        0  st7735.o(i.Delay1ms)
    i.Draw_Boss                              0x000013a0   Section        0  spaceinvaders.o(i.Draw_Boss)
    i.Draw_Sprites                           0x00001c00   Section        0  spaceinvaders.o(i.Draw_Sprites)
    i.Draw_player                            0x00001ebc   Section        0  spaceinvaders.o(i.Draw_player)
    i.Draw_wepon                             0x0000214c   Section        0  spaceinvaders.o(i.Draw_wepon)
    i.EdgeCounter_Init                       0x000021bc   Section        0  spaceinvaders.o(i.EdgeCounter_Init)
    i.Enemy_Fire_back                        0x00002298   Section        0  spaceinvaders.o(i.Enemy_Fire_back)
    i.Expansion_Init                         0x00002568   Section        0  expansion_card.o(i.Expansion_Init)
    i.GPIOPortE_Handler                      0x00002680   Section        0  spaceinvaders.o(i.GPIOPortE_Handler)
    i.GPIOPortF_Handler                      0x000026a8   Section        0  spaceinvaders.o(i.GPIOPortF_Handler)
    i.Init_Boss                              0x000026c4   Section        0  spaceinvaders.o(i.Init_Boss)
    i.Intro_story                            0x00002754   Section        0  spaceinvaders.o(i.Intro_story)
    i.Kill_Boss                              0x000032e4   Section        0  spaceinvaders.o(i.Kill_Boss)
    i.Kill_Player                            0x000035b8   Section        0  spaceinvaders.o(i.Kill_Player)
    i.Kill_sprite                            0x000035ec   Section        0  spaceinvaders.o(i.Kill_sprite)
    i.Light_In                               0x00003664   Section        0  expansion_card.o(i.Light_In)
    i.Losing_screen                          0x00003670   Section        0  spaceinvaders.o(i.Losing_screen)
    i.Map                                    0x0000383c   Section        0  spaceinvaders.o(i.Map)
    i.Move_Boss                              0x0000385c   Section        0  spaceinvaders.o(i.Move_Boss)
    i.Move_Boss_Wepon                        0x00003958   Section        0  spaceinvaders.o(i.Move_Boss_Wepon)
    i.Move_Enemy_Wepon                       0x00003e54   Section        0  spaceinvaders.o(i.Move_Enemy_Wepon)
    i.Move_Sprites                           0x0000435c   Section        0  spaceinvaders.o(i.Move_Sprites)
    i.Move_wepon                             0x0000445c   Section        0  spaceinvaders.o(i.Move_wepon)
    i.Output_Clear                           0x000047d4   Section        0  st7735.o(i.Output_Clear)
    i.PLL_Init                               0x000047e0   Section        0  pll.o(i.PLL_Init)
    i.Play                                   0x0000485c   Section        0  sound.o(i.Play)
    i.Player_Fire_back                       0x00004894   Section        0  spaceinvaders.o(i.Player_Fire_back)
    i.PortF_Init                             0x00004944   Section        0  spaceinvaders.o(i.PortF_Init)
    i.Respawn                                0x000049c0   Section        0  spaceinvaders.o(i.Respawn)
    i.ST7735_Color565                        0x00004b4c   Section        0  st7735.o(i.ST7735_Color565)
    i.ST7735_DrawBitmap                      0x00004b64   Section        0  st7735.o(i.ST7735_DrawBitmap)
    i.ST7735_DrawChar                        0x00004c84   Section        0  st7735.o(i.ST7735_DrawChar)
    i.ST7735_DrawCharS                       0x00004d94   Section        0  st7735.o(i.ST7735_DrawCharS)
    i.ST7735_DrawPixel                       0x00004e8c   Section        0  st7735.o(i.ST7735_DrawPixel)
    i.ST7735_DrawString                      0x00004ed4   Section        0  st7735.o(i.ST7735_DrawString)
    i.ST7735_FillRect                        0x00004f30   Section        0  st7735.o(i.ST7735_FillRect)
    i.ST7735_FillScreen                      0x00004fdc   Section        0  st7735.o(i.ST7735_FillScreen)
    i.ST7735_InitR                           0x00005000   Section        0  st7735.o(i.ST7735_InitR)
    i.ST7735_OutChar                         0x0000507c   Section        0  st7735.o(i.ST7735_OutChar)
    i.ST7735_OutString                       0x00005158   Section        0  st7735.o(i.ST7735_OutString)
    i.ST7735_OutUDec                         0x00005174   Section        0  st7735.o(i.ST7735_OutUDec)
    i.ST7735_SetCursor                       0x00005204   Section        0  st7735.o(i.ST7735_SetCursor)
    i.Small_Explosion                        0x00005224   Section        0  spaceinvaders.o(i.Small_Explosion)
    i.Sound_Explosion                        0x00005684   Section        0  sound.o(i.Sound_Explosion)
    i.Sound_Highpitch                        0x00005698   Section        0  sound.o(i.Sound_Highpitch)
    i.Sound_Init                             0x000056ac   Section        0  sound.o(i.Sound_Init)
    i.Sound_Killed                           0x000056e0   Section        0  sound.o(i.Sound_Killed)
    i.Sound_LowPitch                         0x000056f4   Section        0  sound.o(i.Sound_LowPitch)
    i.Sound_Play                             0x00005708   Section        0  sound.o(i.Sound_Play)
    i.Sound_Shoot                            0x0000573c   Section        0  sound.o(i.Sound_Shoot)
    i.Star_draw                              0x00005750   Section        0  spaceinvaders.o(i.Star_draw)
    i.Star_generator                         0x00005794   Section        0  spaceinvaders.o(i.Star_generator)
    i.Star_move                              0x0000580c   Section        0  spaceinvaders.o(i.Star_move)
    i.Status_update                          0x00005868   Section        0  spaceinvaders.o(i.Status_update)
    i.Switchs_Init                           0x000058bc   Section        0  switch.o(i.Switchs_Init)
    i.Switchs_Interrupt                      0x00005928   Section        0  spaceinvaders.o(i.Switchs_Interrupt)
    i.SysTick_Handler                        0x00005a00   Section        0  spaceinvaders.o(i.SysTick_Handler)
    i.SysTick_Init                           0x00005a18   Section        0  spaceinvaders.o(i.SysTick_Init)
    i.Timer0A_Handler                        0x00005a68   Section        0  timer0.o(i.Timer0A_Handler)
    i.Timer0_Init                            0x00005a80   Section        0  timer0.o(i.Timer0_Init)
    i.Timer5A_Handler                        0x00005ae0   Section        0  diskio.o(i.Timer5A_Handler)
    i.UART3_Handler                          0x00005af4   Section        0  spaceinvaders.o(i.UART3_Handler)
    i.UART_Init                              0x00005b8c   Section        0  bluetooth.o(i.UART_Init)
    i.UART_Tx                                0x00005c54   Section        0  bluetooth.o(i.UART_Tx)
    i.Vibration_motor_init                   0x00005c6c   Section        0  spaceinvaders.o(i.Vibration_motor_init)
    i.WideTimer0A_Handler                    0x00005cd8   Section        0  accelerometer.o(i.WideTimer0A_Handler)
    i.WideTimer0B_Handler                    0x00005d58   Section        0  accelerometer.o(i.WideTimer0B_Handler)
    i.commandList                            0x00005dd8   Section        0  st7735.o(i.commandList)
    commandList                              0x00005dd9   Thumb Code    86  st7735.o(i.commandList)
    i.commonInit                             0x00005e30   Section        0  st7735.o(i.commonInit)
    commonInit                               0x00005e31   Thumb Code   342  st7735.o(i.commonInit)
    i.disk_timerproc                         0x00005fb8   Section        0  diskio.o(i.disk_timerproc)
    i.fillmessage                            0x00005ff8   Section        0  st7735.o(i.fillmessage)
    i.generate_sprite                        0x00006040   Section        0  spaceinvaders.o(i.generate_sprite)
    i.health_bar                             0x00006134   Section        0  spaceinvaders.o(i.health_bar)
    i.main                                   0x000063f0   Section        0  spaceinvaders.o(i.main)
    i.power_bar                              0x00006d78   Section        0  spaceinvaders.o(i.power_bar)
    i.pushColor                              0x00006e9c   Section        0  st7735.o(i.pushColor)
    pushColor                                0x00006e9d   Thumb Code    18  st7735.o(i.pushColor)
    i.setAddrWindow                          0x00006eb0   Section        0  st7735.o(i.setAddrWindow)
    setAddrWindow                            0x00006eb1   Thumb Code   106  st7735.o(i.setAddrWindow)
    i.special_wepon                          0x00006f24   Section        0  spaceinvaders.o(i.special_wepon)
    i.writecommand                           0x000073d8   Section        0  st7735.o(i.writecommand)
    writecommand                             0x000073d9   Thumb Code    40  st7735.o(i.writecommand)
    i.writedata                              0x00007408   Section        0  st7735.o(i.writedata)
    writedata                                0x00007409   Thumb Code    26  st7735.o(i.writedata)
    .constdata                               0x0000742c   Section    115060  spaceinvaders.o(.constdata)
    .constdata                               0x000235a0   Section    43795  sound.o(.constdata)
    .constdata                               0x0002e0b3   Section     1915  st7735.o(.constdata)
    Font                                     0x0002e0b3   Data        1275  st7735.o(.constdata)
    Rcmd1                                    0x0002e5ae   Data          59  st7735.o(.constdata)
    Rcmd2green                               0x0002e5e9   Data          13  st7735.o(.constdata)
    Rcmd2red                                 0x0002e5f6   Data          13  st7735.o(.constdata)
    Rcmd3                                    0x0002e603   Data          43  st7735.o(.constdata)
    .data                                    0x20000000   Section      167  spaceinvaders.o(.data)
    .data                                    0x200000a8   Section       12  adc.o(.data)
    .data                                    0x200000b4   Section       12  sound.o(.data)
    .data                                    0x200000c0   Section        4  timer0.o(.data)
    .data                                    0x200000c4   Section      100  accelerometer.o(.data)
    .data                                    0x20000128   Section       44  st7735.o(.data)
    ColStart                                 0x20000132   Data           1  st7735.o(.data)
    RowStart                                 0x20000133   Data           1  st7735.o(.data)
    Rotation                                 0x20000134   Data           1  st7735.o(.data)
    TabColor                                 0x20000135   Data           1  st7735.o(.data)
    _width                                   0x20000136   Data           2  st7735.o(.data)
    _height                                  0x20000138   Data           2  st7735.o(.data)
    .data                                    0x20000154   Section       13  diskio.o(.data)
    Stat                                     0x20000154   Data           1  diskio.o(.data)
    Timer1                                   0x20000158   Data           4  diskio.o(.data)
    Timer2                                   0x2000015c   Data           4  diskio.o(.data)
    CardType                                 0x20000160   Data           1  diskio.o(.data)
    .data                                    0x20000164   Section       12  expansion_card.o(.data)
    DATA                                     0x20000170   Section        4  random.o(DATA)
    M                                        0x20000170   Data           4  random.o(DATA)
    .bss                                     0x20000174   Section     1384  spaceinvaders.o(.bss)
    .bss                                     0x200006dc   Section       12  st7735.o(.bss)
    .bss                                     0x200006e8   Section       96  libspace.o(.bss)
    HEAP                                     0x20000748   Section        0  startup.o(HEAP)
    STACK                                    0x20000748   Section     1024  startup.o(STACK)
    HeapMem                                  0x20000748   Data           0  startup.o(HEAP)
    StackMem                                 0x20000748   Data           0  startup.o(STACK)

    Global Symbols

    Symbol Name                              Value     Ov Type        Size  Object(Section)

    BuildAttributes$$THM_ISAv4$E$P$D$K$B$S$7EM$PE$A:L22UL41UL21$X:L11$S22US41US21$IEEE1$IW$USESV6$~STKCKD$USESV7$~SHL$OSPACE$ROPI$EBA8$UX$STANDARDLIB$REQ8$PRES8$EABIv2 0x00000000   Number         0  anon$$obj.o ABSOLUTE
    __ARM_use_no_argv                        0x00000000   Number         0  spaceinvaders.o ABSOLUTE
    __Vectors                                0x00000000   Data           0  startup.o(RESET)
    __ARM_exceptions_init                     - Undefined Weak Reference
    __alloca_initialize                       - Undefined Weak Reference
    __arm_preinit_                            - Undefined Weak Reference
    __cpp_initialize__aeabi_                  - Undefined Weak Reference
    __cxa_finalize                            - Undefined Weak Reference
    __rt_locale                               - Undefined Weak Reference
    __sigvec_lookup                           - Undefined Weak Reference
    _atexit_init                              - Undefined Weak Reference
    _call_atexit_fns                          - Undefined Weak Reference
    _clock_init                               - Undefined Weak Reference
    _fp_trap_init                             - Undefined Weak Reference
    _fp_trap_shutdown                         - Undefined Weak Reference
    _get_lc_collate                           - Undefined Weak Reference
    _get_lc_ctype                             - Undefined Weak Reference
    _get_lc_monetary                          - Undefined Weak Reference
    _get_lc_numeric                           - Undefined Weak Reference
    _get_lc_time                              - Undefined Weak Reference
    _getenv_init                              - Undefined Weak Reference
    _handle_redirection                       - Undefined Weak Reference
    _init_alloc                               - Undefined Weak Reference
    _init_user_alloc                          - Undefined Weak Reference
    _initio                                   - Undefined Weak Reference
    _rand_init                                - Undefined Weak Reference
    _signal_finish                            - Undefined Weak Reference
    _signal_init                              - Undefined Weak Reference
    _terminate_alloc                          - Undefined Weak Reference
    _terminate_user_alloc                     - Undefined Weak Reference
    _terminateio                              - Undefined Weak Reference
    Reset_Handler                            0x0000026d   Thumb Code     0  startup.o(RESET)
    NMI_Handler                              0x00000271   Thumb Code     2  startup.o(RESET)
    HardFault_Handler                        0x00000273   Thumb Code     2  startup.o(RESET)
    MemManage_Handler                        0x00000275   Thumb Code     2  startup.o(RESET)
    BusFault_Handler                         0x00000277   Thumb Code     2  startup.o(RESET)
    UsageFault_Handler                       0x00000279   Thumb Code     2  startup.o(RESET)
    SVC_Handler                              0x0000027b   Thumb Code     2  startup.o(RESET)
    DebugMon_Handler                         0x0000027d   Thumb Code     2  startup.o(RESET)
    PendSV_Handler                           0x0000027f   Thumb Code     2  startup.o(RESET)
    ADC0Seq2_Handler                         0x00000283   Thumb Code     0  startup.o(RESET)
    ADC0Seq3_Handler                         0x00000283   Thumb Code     0  startup.o(RESET)
    ADC1Seq0_Handler                         0x00000283   Thumb Code     0  startup.o(RESET)
    ADC1Seq1_Handler                         0x00000283   Thumb Code     0  startup.o(RESET)
    ADC1Seq2_Handler                         0x00000283   Thumb Code     0  startup.o(RESET)
    ADC1Seq3_Handler                         0x00000283   Thumb Code     0  startup.o(RESET)
    CAN0_Handler                             0x00000283   Thumb Code     0  startup.o(RESET)
    CAN1_Handler                             0x00000283   Thumb Code     0  startup.o(RESET)
    CAN2_Handler                             0x00000283   Thumb Code     0  startup.o(RESET)
    Comp0_Handler                            0x00000283   Thumb Code     0  startup.o(RESET)
    Comp1_Handler                            0x00000283   Thumb Code     0  startup.o(RESET)
    Comp2_Handler                            0x00000283   Thumb Code     0  startup.o(RESET)
    Ethernet_Handler                         0x00000283   Thumb Code     0  startup.o(RESET)
    ExtBus_Handler                           0x00000283   Thumb Code     0  startup.o(RESET)
    FPU_Handler                              0x00000283   Thumb Code     0  startup.o(RESET)
    Fan0_Handler                             0x00000283   Thumb Code     0  startup.o(RESET)
    FlashCtl_Handler                         0x00000283   Thumb Code     0  startup.o(RESET)
    GPIOPortA_Handler                        0x00000283   Thumb Code     0  startup.o(RESET)
    GPIOPortB_Handler                        0x00000283   Thumb Code     0  startup.o(RESET)
    GPIOPortC_Handler                        0x00000283   Thumb Code     0  startup.o(RESET)
    GPIOPortD_Handler                        0x00000283   Thumb Code     0  startup.o(RESET)
    GPIOPortG_Handler                        0x00000283   Thumb Code     0  startup.o(RESET)
    GPIOPortH_Handler                        0x00000283   Thumb Code     0  startup.o(RESET)
    GPIOPortJ_Handler                        0x00000283   Thumb Code     0  startup.o(RESET)
    GPIOPortK_Handler                        0x00000283   Thumb Code     0  startup.o(RESET)
    GPIOPortL_Handler                        0x00000283   Thumb Code     0  startup.o(RESET)
    GPIOPortM_Handler                        0x00000283   Thumb Code     0  startup.o(RESET)
    GPIOPortN_Handler                        0x00000283   Thumb Code     0  startup.o(RESET)
    GPIOPortP1_Handler                       0x00000283   Thumb Code     0  startup.o(RESET)
    GPIOPortP2_Handler                       0x00000283   Thumb Code     0  startup.o(RESET)
    GPIOPortP3_Handler                       0x00000283   Thumb Code     0  startup.o(RESET)
    GPIOPortP4_Handler                       0x00000283   Thumb Code     0  startup.o(RESET)
    GPIOPortP5_Handler                       0x00000283   Thumb Code     0  startup.o(RESET)
    GPIOPortP6_Handler                       0x00000283   Thumb Code     0  startup.o(RESET)
    GPIOPortP7_Handler                       0x00000283   Thumb Code     0  startup.o(RESET)
    GPIOPortP_Handler                        0x00000283   Thumb Code     0  startup.o(RESET)
    GPIOPortQ1_Handler                       0x00000283   Thumb Code     0  startup.o(RESET)
    GPIOPortQ2_Handler                       0x00000283   Thumb Code     0  startup.o(RESET)
    GPIOPortQ3_Handler                       0x00000283   Thumb Code     0  startup.o(RESET)
    GPIOPortQ4_Handler                       0x00000283   Thumb Code     0  startup.o(RESET)
    GPIOPortQ5_Handler                       0x00000283   Thumb Code     0  startup.o(RESET)
    GPIOPortQ6_Handler                       0x00000283   Thumb Code     0  startup.o(RESET)
    GPIOPortQ7_Handler                       0x00000283   Thumb Code     0  startup.o(RESET)
    GPIOPortQ_Handler                        0x00000283   Thumb Code     0  startup.o(RESET)
    GPIOPortR_Handler                        0x00000283   Thumb Code     0  startup.o(RESET)
    GPIOPortS_Handler                        0x00000283   Thumb Code     0  startup.o(RESET)
    Hibernate_Handler                        0x00000283   Thumb Code     0  startup.o(RESET)
    I2C0_Handler                             0x00000283   Thumb Code     0  startup.o(RESET)
    I2C1_Handler                             0x00000283   Thumb Code     0  startup.o(RESET)
    I2C2_Handler                             0x00000283   Thumb Code     0  startup.o(RESET)
    I2C3_Handler                             0x00000283   Thumb Code     0  startup.o(RESET)
    I2C4_Handler                             0x00000283   Thumb Code     0  startup.o(RESET)
    I2C5_Handler                             0x00000283   Thumb Code     0  startup.o(RESET)
    I2S0_Handler                             0x00000283   Thumb Code     0  startup.o(RESET)
    LPC0_Handler                             0x00000283   Thumb Code     0  startup.o(RESET)
    PECI0_Handler                            0x00000283   Thumb Code     0  startup.o(RESET)
    PWM0Fault_Handler                        0x00000283   Thumb Code     0  startup.o(RESET)
    PWM0Generator0_Handler                   0x00000283   Thumb Code     0  startup.o(RESET)
    PWM0Generator1_Handler                   0x00000283   Thumb Code     0  startup.o(RESET)
    PWM0Generator2_Handler                   0x00000283   Thumb Code     0  startup.o(RESET)
    PWM0Generator3_Handler                   0x00000283   Thumb Code     0  startup.o(RESET)
    PWM1Fault_Handler                        0x00000283   Thumb Code     0  startup.o(RESET)
    PWM1Generator0_Handler                   0x00000283   Thumb Code     0  startup.o(RESET)
    PWM1Generator1_Handler                   0x00000283   Thumb Code     0  startup.o(RESET)
    PWM1Generator2_Handler                   0x00000283   Thumb Code     0  startup.o(RESET)
    PWM1Generator3_Handler                   0x00000283   Thumb Code     0  startup.o(RESET)
    Quadrature0_Handler                      0x00000283   Thumb Code     0  startup.o(RESET)
    Quadrature1_Handler                      0x00000283   Thumb Code     0  startup.o(RESET)
    Quadrature2_Handler                      0x00000283   Thumb Code     0  startup.o(RESET)
    SSI0_Handler                             0x00000283   Thumb Code     0  startup.o(RESET)
    SSI1_Handler                             0x00000283   Thumb Code     0  startup.o(RESET)
    SSI2_Handler                             0x00000283   Thumb Code     0  startup.o(RESET)
    SSI3_Handler                             0x00000283   Thumb Code     0  startup.o(RESET)
    SysCtl_Handler                           0x00000283   Thumb Code     0  startup.o(RESET)
    Timer0B_Handler                          0x00000283   Thumb Code     0  startup.o(RESET)
    Timer1A_Handler                          0x00000283   Thumb Code     0  startup.o(RESET)
    Timer1B_Handler                          0x00000283   Thumb Code     0  startup.o(RESET)
    Timer2A_Handler                          0x00000283   Thumb Code     0  startup.o(RESET)
    Timer2B_Handler                          0x00000283   Thumb Code     0  startup.o(RESET)
    Timer3A_Handler                          0x00000283   Thumb Code     0  startup.o(RESET)
    Timer3B_Handler                          0x00000283   Thumb Code     0  startup.o(RESET)
    Timer4A_Handler                          0x00000283   Thumb Code     0  startup.o(RESET)
    Timer4B_Handler                          0x00000283   Thumb Code     0  startup.o(RESET)
    Timer5B_Handler                          0x00000283   Thumb Code     0  startup.o(RESET)
    UART0_Handler                            0x00000283   Thumb Code     0  startup.o(RESET)
    UART1_Handler                            0x00000283   Thumb Code     0  startup.o(RESET)
    UART2_Handler                            0x00000283   Thumb Code     0  startup.o(RESET)
    UART4_Handler                            0x00000283   Thumb Code     0  startup.o(RESET)
    UART5_Handler                            0x00000283   Thumb Code     0  startup.o(RESET)
    UART6_Handler                            0x00000283   Thumb Code     0  startup.o(RESET)
    UART7_Handler                            0x00000283   Thumb Code     0  startup.o(RESET)
    USB0_Handler                             0x00000283   Thumb Code     0  startup.o(RESET)
    WDT_Handler                              0x00000283   Thumb Code     0  startup.o(RESET)
    WideTimer1A_Handler                      0x00000283   Thumb Code     0  startup.o(RESET)
    WideTimer1B_Handler                      0x00000283   Thumb Code     0  startup.o(RESET)
    WideTimer2A_Handler                      0x00000283   Thumb Code     0  startup.o(RESET)
    WideTimer2B_Handler                      0x00000283   Thumb Code     0  startup.o(RESET)
    WideTimer3A_Handler                      0x00000283   Thumb Code     0  startup.o(RESET)
    WideTimer3B_Handler                      0x00000283   Thumb Code     0  startup.o(RESET)
    WideTimer4A_Handler                      0x00000283   Thumb Code     0  startup.o(RESET)
    WideTimer4B_Handler                      0x00000283   Thumb Code     0  startup.o(RESET)
    WideTimer5A_Handler                      0x00000283   Thumb Code     0  startup.o(RESET)
    WideTimer5B_Handler                      0x00000283   Thumb Code     0  startup.o(RESET)
    uDMA_Error                               0x00000283   Thumb Code     0  startup.o(RESET)
    uDMA_Handler                             0x00000283   Thumb Code     0  startup.o(RESET)
    __main                                   0x00000285   Thumb Code     8  __main.o(!!!main)
    __scatterload                            0x0000028d   Thumb Code     0  __scatter.o(!!!scatter)
    __scatterload_rt2                        0x0000028d   Thumb Code    44  __scatter.o(!!!scatter)
    __scatterload_rt2_thumb_only             0x0000028d   Thumb Code     0  __scatter.o(!!!scatter)
    __scatterload_null                       0x0000029b   Thumb Code     0  __scatter.o(!!!scatter)
    __decompress                             0x000002c1   Thumb Code    58  __dczerorl.o(!!dczerorl)
    __decompress0                            0x000002c1   Thumb Code     0  __dczerorl.o(!!dczerorl)
    __scatterload_zeroinit                   0x000002fd   Thumb Code    28  __scatter_zi.o(!!handler_zi)
    __rt_lib_init                            0x00000319   Thumb Code     0  libinit.o(.ARM.Collect$$libinit$$00000000)
    __rt_lib_init_alloca_1                   0x0000031b   Thumb Code     0  libinit2.o(.ARM.Collect$$libinit$$0000002E)
    __rt_lib_init_argv_1                     0x0000031b   Thumb Code     0  libinit2.o(.ARM.Collect$$libinit$$0000002C)
    __rt_lib_init_atexit_1                   0x0000031b   Thumb Code     0  libinit2.o(.ARM.Collect$$libinit$$0000001B)
    __rt_lib_init_clock_1                    0x0000031b   Thumb Code     0  libinit2.o(.ARM.Collect$$libinit$$00000021)
    __rt_lib_init_cpp_1                      0x0000031b   Thumb Code     0  libinit2.o(.ARM.Collect$$libinit$$00000032)
    __rt_lib_init_exceptions_1               0x0000031b   Thumb Code     0  libinit2.o(.ARM.Collect$$libinit$$00000030)
    __rt_lib_init_fp_1                       0x0000031b   Thumb Code     0  libinit2.o(.ARM.Collect$$libinit$$00000002)
    __rt_lib_init_fp_trap_1                  0x0000031b   Thumb Code     0  libinit2.o(.ARM.Collect$$libinit$$0000001F)
    __rt_lib_init_getenv_1                   0x0000031b   Thumb Code     0  libinit2.o(.ARM.Collect$$libinit$$00000023)
    __rt_lib_init_heap_1                     0x0000031b   Thumb Code     0  libinit2.o(.ARM.Collect$$libinit$$0000000A)
    __rt_lib_init_lc_collate_1               0x0000031b   Thumb Code     0  libinit2.o(.ARM.Collect$$libinit$$00000011)
    __rt_lib_init_lc_ctype_1                 0x0000031b   Thumb Code     0  libinit2.o(.ARM.Collect$$libinit$$00000013)
    __rt_lib_init_lc_monetary_1              0x0000031b   Thumb Code     0  libinit2.o(.ARM.Collect$$libinit$$00000015)
    __rt_lib_init_lc_numeric_1               0x0000031b   Thumb Code     0  libinit2.o(.ARM.Collect$$libinit$$00000017)
    __rt_lib_init_lc_time_1                  0x0000031b   Thumb Code     0  libinit2.o(.ARM.Collect$$libinit$$00000019)
    __rt_lib_init_preinit_1                  0x0000031b   Thumb Code     0  libinit2.o(.ARM.Collect$$libinit$$00000004)
    __rt_lib_init_rand_1                     0x0000031b   Thumb Code     0  libinit2.o(.ARM.Collect$$libinit$$0000000E)
    __rt_lib_init_return                     0x0000031b   Thumb Code     0  libinit2.o(.ARM.Collect$$libinit$$00000033)
    __rt_lib_init_signal_1                   0x0000031b   Thumb Code     0  libinit2.o(.ARM.Collect$$libinit$$0000001D)
    __rt_lib_init_stdio_1                    0x0000031b   Thumb Code     0  libinit2.o(.ARM.Collect$$libinit$$00000025)
    __rt_lib_init_user_alloc_1               0x0000031b   Thumb Code     0  libinit2.o(.ARM.Collect$$libinit$$0000000C)
    __rt_lib_shutdown                        0x0000031d   Thumb Code     0  libshutdown.o(.ARM.Collect$$libshutdown$$00000000)
    __rt_lib_shutdown_cpp_1                  0x0000031f   Thumb Code     0  libshutdown2.o(.ARM.Collect$$libshutdown$$00000002)
    __rt_lib_shutdown_fp_trap_1              0x0000031f   Thumb Code     0  libshutdown2.o(.ARM.Collect$$libshutdown$$00000007)
    __rt_lib_shutdown_heap_1                 0x0000031f   Thumb Code     0  libshutdown2.o(.ARM.Collect$$libshutdown$$0000000F)
    __rt_lib_shutdown_return                 0x0000031f   Thumb Code     0  libshutdown2.o(.ARM.Collect$$libshutdown$$00000010)
    __rt_lib_shutdown_signal_1               0x0000031f   Thumb Code     0  libshutdown2.o(.ARM.Collect$$libshutdown$$0000000A)
    __rt_lib_shutdown_stdio_1                0x0000031f   Thumb Code     0  libshutdown2.o(.ARM.Collect$$libshutdown$$00000004)
    __rt_lib_shutdown_user_alloc_1           0x0000031f   Thumb Code     0  libshutdown2.o(.ARM.Collect$$libshutdown$$0000000C)
    __rt_entry                               0x00000321   Thumb Code     0  __rtentry.o(.ARM.Collect$$rtentry$$00000000)
    __rt_entry_presh_1                       0x00000321   Thumb Code     0  __rtentry2.o(.ARM.Collect$$rtentry$$00000002)
    __rt_entry_sh                            0x00000321   Thumb Code     0  __rtentry4.o(.ARM.Collect$$rtentry$$00000004)
    __rt_entry_li                            0x00000327   Thumb Code     0  __rtentry2.o(.ARM.Collect$$rtentry$$0000000A)
    __rt_entry_postsh_1                      0x00000327   Thumb Code     0  __rtentry2.o(.ARM.Collect$$rtentry$$00000009)
    __rt_entry_main                          0x0000032b   Thumb Code     0  __rtentry2.o(.ARM.Collect$$rtentry$$0000000D)
    __rt_entry_postli_1                      0x0000032b   Thumb Code     0  __rtentry2.o(.ARM.Collect$$rtentry$$0000000C)
    __rt_exit                                0x00000333   Thumb Code     0  rtexit.o(.ARM.Collect$$rtexit$$00000000)
    __rt_exit_ls                             0x00000335   Thumb Code     0  rtexit2.o(.ARM.Collect$$rtexit$$00000003)
    __rt_exit_prels_1                        0x00000335   Thumb Code     0  rtexit2.o(.ARM.Collect$$rtexit$$00000002)
    __rt_exit_exit                           0x00000339   Thumb Code     0  rtexit2.o(.ARM.Collect$$rtexit$$00000004)
    DisableInterrupts                        0x00000341   Thumb Code     0  startup.o(.text)
    EnableInterrupts                         0x00000345   Thumb Code     0  startup.o(.text)
    StartCritical                            0x00000349   Thumb Code     0  startup.o(.text)
    EndCritical                              0x00000351   Thumb Code     0  startup.o(.text)
    WaitForInterrupt                         0x00000357   Thumb Code     0  startup.o(.text)
    __user_initial_stackheap                 0x0000035b   Thumb Code     0  startup.o(.text)
    Random_Init                              0x00000371   Thumb Code     0  random.o(.text)
    Random32                                 0x0000037b   Thumb Code     2  random.o(.text)
    Random                                   0x0000038d   Thumb Code     2  random.o(.text)
    __use_two_region_memory                  0x000003b1   Thumb Code     2  heapauxi.o(.text)
    __rt_heap_escrow$2region                 0x000003b3   Thumb Code     2  heapauxi.o(.text)
    __rt_heap_expand$2region                 0x000003b5   Thumb Code     2  heapauxi.o(.text)
    __user_setup_stackheap                   0x000003b7   Thumb Code    74  sys_stackheap_outer.o(.text)
    exit                                     0x00000401   Thumb Code    18  exit.o(.text)
    __user_libspace                          0x00000415   Thumb Code     8  libspace.o(.text)
    __user_perproc_libspace                  0x00000415   Thumb Code     0  libspace.o(.text)
    __user_perthread_libspace                0x00000415   Thumb Code     0  libspace.o(.text)
    _sys_exit                                0x0000041d   Thumb Code     8  sys_exit.o(.text)
    __I$use$semihosting                      0x00000429   Thumb Code     0  use_no_semi.o(.text)
    __use_no_semihosting_swi                 0x00000429   Thumb Code     2  use_no_semi.o(.text)
    __semihosting_library_function           0x0000042b   Thumb Code     0  indicate_semi.o(.text)
    ADC0Seq0_Handler                         0x0000042d   Thumb Code    70  adc.o(i.ADC0Seq0_Handler)
    ADC0Seq1_Handler                         0x00000485   Thumb Code    70  expansion_card.o(i.ADC0Seq1_Handler)
    ADC0_In_x                                0x000004dd   Thumb Code     6  adc.o(i.ADC0_In_x)
    ADC0_In_y                                0x000004e9   Thumb Code     6  adc.o(i.ADC0_In_y)
    ADC0_Init                                0x000004f5   Thumb Code   232  adc.o(i.ADC0_Init)
    Absolute_val                             0x000005fd   Thumb Code    14  spaceinvaders.o(i.Absolute_val)
    Accelerometer_init                       0x0000060d   Thumb Code   392  accelerometer.o(i.Accelerometer_init)
    BigExplosions1                           0x000007d9   Thumb Code   872  spaceinvaders.o(i.BigExplosions1)
    Boss_Fire_back                           0x00000b59   Thumb Code   642  spaceinvaders.o(i.Boss_Fire_back)
    Boss_special_wepon                       0x00000df5   Thumb Code   456  spaceinvaders.o(i.Boss_special_wepon)
    Convert_accelerometer1                   0x00000fe1   Thumb Code   170  accelerometer.o(i.Convert_accelerometer1)
    Convert_accelerometer2                   0x000010b1   Thumb Code   170  accelerometer.o(i.Convert_accelerometer2)
    Convert_x                                0x00001181   Thumb Code   158  spaceinvaders.o(i.Convert_x)
    Convert_y                                0x00001225   Thumb Code   168  spaceinvaders.o(i.Convert_y)
    DAC_Init                                 0x000012d5   Thumb Code   106  dac.o(i.DAC_Init)
    DAC_Out                                  0x00001351   Thumb Code     6  dac.o(i.DAC_Out)
    Delay100ms                               0x0000135d   Thumb Code    30  spaceinvaders.o(i.Delay100ms)
    Delay1ms                                 0x00001381   Thumb Code    32  st7735.o(i.Delay1ms)
    Draw_Boss                                0x000013a1   Thumb Code  2144  spaceinvaders.o(i.Draw_Boss)
    Draw_Sprites                             0x00001c01   Thumb Code   648  spaceinvaders.o(i.Draw_Sprites)
    Draw_player                              0x00001ebd   Thumb Code   596  spaceinvaders.o(i.Draw_player)
    Draw_wepon                               0x0000214d   Thumb Code   104  spaceinvaders.o(i.Draw_wepon)
    EdgeCounter_Init                         0x000021bd   Thumb Code   194  spaceinvaders.o(i.EdgeCounter_Init)
    Enemy_Fire_back                          0x00002299   Thumb Code   686  spaceinvaders.o(i.Enemy_Fire_back)
    Expansion_Init                           0x00002569   Thumb Code   244  expansion_card.o(i.Expansion_Init)
    GPIOPortE_Handler                        0x00002681   Thumb Code    30  spaceinvaders.o(i.GPIOPortE_Handler)
    GPIOPortF_Handler                        0x000026a9   Thumb Code    20  spaceinvaders.o(i.GPIOPortF_Handler)
    Init_Boss                                0x000026c5   Thumb Code   122  spaceinvaders.o(i.Init_Boss)
    Intro_story                              0x00002755   Thumb Code  2850  spaceinvaders.o(i.Intro_story)
    Kill_Boss                                0x000032e5   Thumb Code   704  spaceinvaders.o(i.Kill_Boss)
    Kill_Player                              0x000035b9   Thumb Code    40  spaceinvaders.o(i.Kill_Player)
    Kill_sprite                              0x000035ed   Thumb Code    94  spaceinvaders.o(i.Kill_sprite)
    Light_In                                 0x00003665   Thumb Code     6  expansion_card.o(i.Light_In)
    Losing_screen                            0x00003671   Thumb Code   350  spaceinvaders.o(i.Losing_screen)
    Map                                      0x0000383d   Thumb Code    30  spaceinvaders.o(i.Map)
    Move_Boss                                0x0000385d   Thumb Code   236  spaceinvaders.o(i.Move_Boss)
    Move_Boss_Wepon                          0x00003959   Thumb Code  1264  spaceinvaders.o(i.Move_Boss_Wepon)
    Move_Enemy_Wepon                         0x00003e55   Thumb Code  1276  spaceinvaders.o(i.Move_Enemy_Wepon)
    Move_Sprites                             0x0000435d   Thumb Code   228  spaceinvaders.o(i.Move_Sprites)
    Move_wepon                               0x0000445d   Thumb Code   864  spaceinvaders.o(i.Move_wepon)
    Output_Clear                             0x000047d5   Thumb Code    10  st7735.o(i.Output_Clear)
    PLL_Init                                 0x000047e1   Thumb Code   120  pll.o(i.PLL_Init)
    Play                                     0x0000485d   Thumb Code    44  sound.o(i.Play)
    Player_Fire_back                         0x00004895   Thumb Code   158  spaceinvaders.o(i.Player_Fire_back)
    PortF_Init                               0x00004945   Thumb Code   106  spaceinvaders.o(i.PortF_Init)
    Respawn                                  0x000049c1   Thumb Code   354  spaceinvaders.o(i.Respawn)
    ST7735_Color565                          0x00004b4d   Thumb Code    24  st7735.o(i.ST7735_Color565)
    ST7735_DrawBitmap                        0x00004b65   Thumb Code   280  st7735.o(i.ST7735_DrawBitmap)
    ST7735_DrawChar                          0x00004c85   Thumb Code   260  st7735.o(i.ST7735_DrawChar)
    ST7735_DrawCharS                         0x00004d95   Thumb Code   236  st7735.o(i.ST7735_DrawCharS)
    ST7735_DrawPixel                         0x00004e8d   Thumb Code    64  st7735.o(i.ST7735_DrawPixel)
    ST7735_DrawString                        0x00004ed5   Thumb Code    92  st7735.o(i.ST7735_DrawString)
    ST7735_FillRect                          0x00004f31   Thumb Code   164  st7735.o(i.ST7735_FillRect)
    ST7735_FillScreen                        0x00004fdd   Thumb Code    28  st7735.o(i.ST7735_FillScreen)
    ST7735_InitR                             0x00005001   Thumb Code    90  st7735.o(i.ST7735_InitR)
    ST7735_OutChar                           0x0000507d   Thumb Code   180  st7735.o(i.ST7735_OutChar)
    ST7735_OutString                         0x00005159   Thumb Code    28  st7735.o(i.ST7735_OutString)
    ST7735_OutUDec                           0x00005175   Thumb Code   124  st7735.o(i.ST7735_OutUDec)
    ST7735_SetCursor                         0x00005205   Thumb Code    22  st7735.o(i.ST7735_SetCursor)
    Small_Explosion                          0x00005225   Thumb Code  1106  spaceinvaders.o(i.Small_Explosion)
    Sound_Explosion                          0x00005685   Thumb Code    14  sound.o(i.Sound_Explosion)
    Sound_Highpitch                          0x00005699   Thumb Code    14  sound.o(i.Sound_Highpitch)
    Sound_Init                               0x000056ad   Thumb Code    38  sound.o(i.Sound_Init)
    Sound_Killed                             0x000056e1   Thumb Code    14  sound.o(i.Sound_Killed)
    Sound_LowPitch                           0x000056f5   Thumb Code    14  sound.o(i.Sound_LowPitch)
    Sound_Play                               0x00005709   Thumb Code    30  sound.o(i.Sound_Play)
    Sound_Shoot                              0x0000573d   Thumb Code    14  sound.o(i.Sound_Shoot)
    Star_draw                                0x00005751   Thumb Code    58  spaceinvaders.o(i.Star_draw)
    Star_generator                           0x00005795   Thumb Code   108  spaceinvaders.o(i.Star_generator)
    Star_move                                0x0000580d   Thumb Code    88  spaceinvaders.o(i.Star_move)
    Status_update                            0x00005869   Thumb Code    64  spaceinvaders.o(i.Status_update)
    Switchs_Init                             0x000058bd   Thumb Code    92  switch.o(i.Switchs_Init)
    Switchs_Interrupt                        0x00005929   Thumb Code   196  spaceinvaders.o(i.Switchs_Interrupt)
    SysTick_Handler                          0x00005a01   Thumb Code    14  spaceinvaders.o(i.SysTick_Handler)
    SysTick_Init                             0x00005a19   Thumb Code    62  spaceinvaders.o(i.SysTick_Init)
    Timer0A_Handler                          0x00005a69   Thumb Code    16  timer0.o(i.Timer0A_Handler)
    Timer0_Init                              0x00005a81   Thumb Code    74  timer0.o(i.Timer0_Init)
    Timer5A_Handler                          0x00005ae1   Thumb Code    14  diskio.o(i.Timer5A_Handler)
    UART3_Handler                            0x00005af5   Thumb Code   126  spaceinvaders.o(i.UART3_Handler)
    UART_Init                                0x00005b8d   Thumb Code   176  bluetooth.o(i.UART_Init)
    UART_Tx                                  0x00005c55   Thumb Code    20  bluetooth.o(i.UART_Tx)
    Vibration_motor_init                     0x00005c6d   Thumb Code    92  spaceinvaders.o(i.Vibration_motor_init)
    WideTimer0A_Handler                      0x00005cd9   Thumb Code   102  accelerometer.o(i.WideTimer0A_Handler)
    WideTimer0B_Handler                      0x00005d59   Thumb Code   104  accelerometer.o(i.WideTimer0B_Handler)
    disk_timerproc                           0x00005fb9   Thumb Code    52  diskio.o(i.disk_timerproc)
    fillmessage                              0x00005ff9   Thumb Code    64  st7735.o(i.fillmessage)
    generate_sprite                          0x00006041   Thumb Code   208  spaceinvaders.o(i.generate_sprite)
    health_bar                               0x00006135   Thumb Code   688  spaceinvaders.o(i.health_bar)
    main                                     0x000063f1   Thumb Code  2398  spaceinvaders.o(i.main)
    power_bar                                0x00006d79   Thumb Code   282  spaceinvaders.o(i.power_bar)
    special_wepon                            0x00006f25   Thumb Code  1176  spaceinvaders.o(i.special_wepon)
    intro                                    0x0000742c   Data       32768  spaceinvaders.o(.constdata)
    intro10                                  0x0000f42c   Data        6588  spaceinvaders.o(.constdata)
    intro11                                  0x00010de8   Data       32768  spaceinvaders.o(.constdata)
    marquee                                  0x00018de8   Data       32768  spaceinvaders.o(.constdata)
    Player_tail_base                         0x00020de8   Data          16  spaceinvaders.o(.constdata)
    Player_left_rail                         0x00020df8   Data          20  spaceinvaders.o(.constdata)
    Player_left_tail                         0x00020e0c   Data           6  spaceinvaders.o(.constdata)
    Playermain                               0x00020e12   Data         196  spaceinvaders.o(.constdata)
    Player_right_rail                        0x00020ed6   Data          20  spaceinvaders.o(.constdata)
    Player_right_tail                        0x00020eea   Data           6  spaceinvaders.o(.constdata)
    Player_tail                              0x00020ef0   Data           8  spaceinvaders.o(.constdata)
    Playertip                                0x00020ef8   Data           2  spaceinvaders.o(.constdata)
    Playerwings                              0x00020efa   Data           8  spaceinvaders.o(.constdata)
    ENEMY_tip                                0x00020f02   Data           4  spaceinvaders.o(.constdata)
    ENEMYFiller                              0x00020f06   Data           2  spaceinvaders.o(.constdata)
    ENEMYLeftTail                            0x00020f08   Data          18  spaceinvaders.o(.constdata)
    ENEMYMainBody                            0x00020f1a   Data         104  spaceinvaders.o(.constdata)
    ENEMYRightTail                           0x00020f82   Data          18  spaceinvaders.o(.constdata)
    ENEMYTailBase                            0x00020f94   Data           8  spaceinvaders.o(.constdata)
    ENEMYWings                               0x00020f9c   Data          16  spaceinvaders.o(.constdata)
    ENEMYWingsBase                           0x00020fac   Data           8  spaceinvaders.o(.constdata)
    BOSS1C                                   0x00020fb4   Data         238  spaceinvaders.o(.constdata)
    BOSS1CLINE1                              0x000210a2   Data          30  spaceinvaders.o(.constdata)
    BOSS1CLINE2                              0x000210c0   Data          26  spaceinvaders.o(.constdata)
    BOSS1CLINE3                              0x000210da   Data          22  spaceinvaders.o(.constdata)
    BOSS1CLINE4                              0x000210f0   Data          14  spaceinvaders.o(.constdata)
    BOSS1O                                   0x000210fe   Data         238  spaceinvaders.o(.constdata)
    BOSS1OLINE1                              0x000211ec   Data          30  spaceinvaders.o(.constdata)
    BOSS2C                                   0x0002120a   Data         238  spaceinvaders.o(.constdata)
    BOSS2CLINE1                              0x000212f8   Data          30  spaceinvaders.o(.constdata)
    BOSS2CLINE2                              0x00021316   Data          26  spaceinvaders.o(.constdata)
    BOSS2CLINE3                              0x00021330   Data          22  spaceinvaders.o(.constdata)
    BOSS2CLINE4                              0x00021346   Data          14  spaceinvaders.o(.constdata)
    BOSS2O                                   0x00021354   Data         238  spaceinvaders.o(.constdata)
    BOSS2OLINE1                              0x00021442   Data          30  spaceinvaders.o(.constdata)
    Boss_Special_wepon                       0x00021460   Data        1500  spaceinvaders.o(.constdata)
    Boss_Special_wepon2                      0x00021a3c   Data        1500  spaceinvaders.o(.constdata)
    Special_wepon                            0x00022018   Data        1620  spaceinvaders.o(.constdata)
    Special_wepon_layer1                     0x0002266c   Data           8  spaceinvaders.o(.constdata)
    Special_wepon_layer2                     0x00022674   Data          12  spaceinvaders.o(.constdata)
    Special_wepon_layer3                     0x00022680   Data          16  spaceinvaders.o(.constdata)
    Special_wepon2                           0x00022690   Data        1620  spaceinvaders.o(.constdata)
    Laser0                                   0x00022ce4   Data          32  spaceinvaders.o(.constdata)
    Laser1                                   0x00022d04   Data          36  spaceinvaders.o(.constdata)
    star                                     0x00022d28   Data           8  spaceinvaders.o(.constdata)
    BarPoint                                 0x00022d30   Data          64  spaceinvaders.o(.constdata)
    stage1moon                               0x00022d70   Data        1984  spaceinvaders.o(.constdata)
    rock                                     0x00023530   Data         112  spaceinvaders.o(.constdata)
    shoot                                    0x000235a0   Data        4080  sound.o(.constdata)
    invaderkilled                            0x00024590   Data        3377  sound.o(.constdata)
    explosion                                0x000252c1   Data        8731  sound.o(.constdata)
    highpitch                                0x000274dc   Data        1802  sound.o(.constdata)
    ufo_lowpitch                             0x00027be6   Data       25805  sound.o(.constdata)
    dBfs                                     0x0002e62e   Data         512  st7735.o(.constdata)
    Region$$Table$$Base                      0x0002e830   Number         0  anon$$obj.o(Region$$Table)
    Region$$Table$$Limit                     0x0002e850   Number         0  anon$$obj.o(Region$$Table)
    Dark_Red                                 0x20000000   Data           2  spaceinvaders.o(.data)
    Red                                      0x20000002   Data           2  spaceinvaders.o(.data)
    Yellow                                   0x20000004   Data           2  spaceinvaders.o(.data)
    position_mod_x                           0x20000006   Data           2  spaceinvaders.o(.data)
    position_mod_y                           0x20000008   Data           2  spaceinvaders.o(.data)
    rate                                     0x2000000c   Data           4  spaceinvaders.o(.data)
    Brate                                    0x20000010   Data           4  spaceinvaders.o(.data)
    indx                                     0x20000014   Data           4  spaceinvaders.o(.data)
    randomX                                  0x20000018   Data           4  spaceinvaders.o(.data)
    randomY                                  0x2000001c   Data           4  spaceinvaders.o(.data)
    Sprite_speed                             0x20000020   Data           4  spaceinvaders.o(.data)
    Boss_speed                               0x20000024   Data           4  spaceinvaders.o(.data)
    Regeneration                             0x20000028   Data           4  spaceinvaders.o(.data)
    Fight_begun                              0x2000002c   Data           4  spaceinvaders.o(.data)
    Semaphore                                0x20000030   Data           4  spaceinvaders.o(.data)
    health_meter                             0x20000034   Data           1  spaceinvaders.o(.data)
    power_meter                              0x20000035   Data           1  spaceinvaders.o(.data)
    vib_duration                             0x20000036   Data           1  spaceinvaders.o(.data)
    frame                                    0x20000038   Data           8  spaceinvaders.o(.data)
    B_frame                                  0x20000040   Data           2  spaceinvaders.o(.data)
    RandomX                                  0x20000044   Data           4  spaceinvaders.o(.data)
    RandomY                                  0x20000048   Data           4  spaceinvaders.o(.data)
    Explosion_status                         0x2000004c   Data           4  spaceinvaders.o(.data)
    Explosion_rate                           0x20000050   Data           4  spaceinvaders.o(.data)
    status1                                  0x20000054   Data           4  spaceinvaders.o(.data)
    status2                                  0x20000058   Data           4  spaceinvaders.o(.data)
    Star_generation                          0x2000005c   Data           1  spaceinvaders.o(.data)
    Skip                                     0x20000060   Data           4  spaceinvaders.o(.data)
    FallingEdges                             0x20000064   Data           4  spaceinvaders.o(.data)
    go_right                                 0x20000068   Data           1  spaceinvaders.o(.data)
    go_left                                  0x20000069   Data           1  spaceinvaders.o(.data)
    Boss_index                               0x2000006a   Data           1  spaceinvaders.o(.data)
    Boss_Sp_rate                             0x2000006b   Data           1  spaceinvaders.o(.data)
    Boss_Sp_duration                         0x2000006c   Data           1  spaceinvaders.o(.data)
    player_laser_speed                       0x2000006d   Data           1  spaceinvaders.o(.data)
    Player_laser_rate                        0x2000006e   Data           1  spaceinvaders.o(.data)
    Boss_laser_rate                          0x2000006f   Data           1  spaceinvaders.o(.data)
    enemy_fire_speed                         0x20000070   Data           1  spaceinvaders.o(.data)
    boss_fire_speed                          0x20000071   Data           1  spaceinvaders.o(.data)
    Player_Max_health                        0x20000072   Data           1  spaceinvaders.o(.data)
    Enemy_Max_health                         0x20000073   Data           1  spaceinvaders.o(.data)
    Boss_Max_health                          0x20000074   Data           1  spaceinvaders.o(.data)
    X_co                                     0x20000075   Data           1  spaceinvaders.o(.data)
    Y_co                                     0x20000076   Data           1  spaceinvaders.o(.data)
    Enemy_exploded                           0x20000077   Data           4  spaceinvaders.o(.data)
    stage_counter                            0x2000007c   Data           4  spaceinvaders.o(.data)
    Background_color                         0x20000080   Data           4  spaceinvaders.o(.data)
    Sprite_initialized_flag                  0x20000084   Data           4  spaceinvaders.o(.data)
    n                                        0x20000088   Data           1  spaceinvaders.o(.data)
    rx_data                                  0x20000089   Data           1  spaceinvaders.o(.data)
    M_Acc_x                                  0x2000008a   Data           1  spaceinvaders.o(.data)
    M_Acc_y                                  0x2000008b   Data           1  spaceinvaders.o(.data)
    position_x                               0x2000008c   Data           4  spaceinvaders.o(.data)
    position_y                               0x20000090   Data           4  spaceinvaders.o(.data)
    A_button                                 0x20000094   Data           1  spaceinvaders.o(.data)
    B_button                                 0x20000095   Data           1  spaceinvaders.o(.data)
    rawData                                  0x20000098   Data           4  spaceinvaders.o(.data)
    Star_speed_regulator                     0x2000009c   Data           1  spaceinvaders.o(.data)
    stage_selector_flag                      0x2000009d   Data           1  spaceinvaders.o(.data)
    stage_image                              0x200000a0   Data           4  spaceinvaders.o(.data)
    stage_y                                  0x200000a4   Data           1  spaceinvaders.o(.data)
    stage_x                                  0x200000a5   Data           1  spaceinvaders.o(.data)
    image_rotation                           0x200000a6   Data           1  spaceinvaders.o(.data)
    result_x                                 0x200000a8   Data           4  adc.o(.data)
    result_y                                 0x200000ac   Data           4  adc.o(.data)
    ADC_conversion                           0x200000b0   Data           4  adc.o(.data)
    Index1                                   0x200000b4   Data           4  sound.o(.data)
    Wave1                                    0x200000b8   Data           4  sound.o(.data)
    Count1                                   0x200000bc   Data           4  sound.o(.data)
    PeriodicTask                             0x200000c0   Data           4  timer0.o(.data)
    delay                                    0x200000c4   Data           4  accelerometer.o(.data)
    T11                                      0x200000c8   Data           4  accelerometer.o(.data)
    T12                                      0x200000cc   Data           4  accelerometer.o(.data)
    duty1                                    0x200000d0   Data           4  accelerometer.o(.data)
    T21                                      0x200000d4   Data           4  accelerometer.o(.data)
    T22                                      0x200000d8   Data           4  accelerometer.o(.data)
    duty2                                    0x200000dc   Data           4  accelerometer.o(.data)
    Acc_x                                    0x200000e0   Data           4  accelerometer.o(.data)
    Acc_y                                    0x200000e4   Data           4  accelerometer.o(.data)
    ACC1_position                            0x200000e8   Data           4  accelerometer.o(.data)
    ACC2_position                            0x200000ec   Data           4  accelerometer.o(.data)
    old_accX1                                0x200000f0   Data           4  accelerometer.o(.data)
    old_accX2                                0x200000f4   Data           4  accelerometer.o(.data)
    old_accX3                                0x200000f8   Data           4  accelerometer.o(.data)
    old_accX4                                0x200000fc   Data           4  accelerometer.o(.data)
    old_accX5                                0x20000100   Data           4  accelerometer.o(.data)
    old_accX6                                0x20000104   Data           4  accelerometer.o(.data)
    acc_avg1                                 0x20000108   Data           4  accelerometer.o(.data)
    old_accY1                                0x2000010c   Data           4  accelerometer.o(.data)
    old_accY2                                0x20000110   Data           4  accelerometer.o(.data)
    old_accY3                                0x20000114   Data           4  accelerometer.o(.data)
    old_accY4                                0x20000118   Data           4  accelerometer.o(.data)
    old_accY5                                0x2000011c   Data           4  accelerometer.o(.data)
    old_accY6                                0x20000120   Data           4  accelerometer.o(.data)
    acc_avg2                                 0x20000124   Data           4  accelerometer.o(.data)
    StX                                      0x20000128   Data           4  st7735.o(.data)
    StY                                      0x2000012c   Data           4  st7735.o(.data)
    StTextColor                              0x20000130   Data           2  st7735.o(.data)
    Messageindex                             0x2000013c   Data           4  st7735.o(.data)
    Ymax                                     0x20000140   Data           4  st7735.o(.data)
    Ymin                                     0x20000144   Data           4  st7735.o(.data)
    X                                        0x20000148   Data           4  st7735.o(.data)
    Yrange                                   0x2000014c   Data           4  st7735.o(.data)
    lastj                                    0x20000150   Data           4  st7735.o(.data)
    MIC                                      0x20000164   Data           4  expansion_card.o(.data)
    LDR                                      0x20000168   Data           4  expansion_card.o(.data)
    ADC_conversion_Exp                       0x2000016c   Data           4  expansion_card.o(.data)
    Player                                   0x20000174   Data          20  spaceinvaders.o(.bss)
    Enemy                                    0x20000188   Data          96  spaceinvaders.o(.bss)
    Wepon                                    0x200001e8   Data          96  spaceinvaders.o(.bss)
    SP_wepon                                 0x20000248   Data          24  spaceinvaders.o(.bss)
    Boss_SP_wepon                            0x20000260   Data          24  spaceinvaders.o(.bss)
    EWepon                                   0x20000278   Data         176  spaceinvaders.o(.bss)
    Boss                                     0x20000328   Data         360  spaceinvaders.o(.bss)
    BWepon                                   0x20000490   Data         352  spaceinvaders.o(.bss)
    Moving_stars                             0x200005f0   Data         120  spaceinvaders.o(.bss)
    Stars                                    0x20000668   Data          10  spaceinvaders.o(.bss)
    Boss_exploded                            0x20000672   Data          10  spaceinvaders.o(.bss)
    A                                        0x2000067c   Data          16  spaceinvaders.o(.bss)
    B                                        0x2000068c   Data          16  spaceinvaders.o(.bss)
    Boss_A                                   0x2000069c   Data          32  spaceinvaders.o(.bss)
    Boss_B                                   0x200006bc   Data          32  spaceinvaders.o(.bss)
    Message                                  0x200006dc   Data          12  st7735.o(.bss)
    __libspace_start                         0x200006e8   Data          96  libspace.o(.bss)
    __temporary_stack_top$libspace           0x20000748   Data           0  libspace.o(.bss)



==============================================================================

Memory Map of the image

  Image Entry point : 0x0000026d

  Load Region LR_1 (Base: 0x00000000, Size: 0x0002e9c4, Max: 0xffffffff, ABSOLUTE, COMPRESSED[0x0002e87c])

    Execution Region ER_RO (Exec base: 0x00000000, Load base: 0x00000000, Size: 0x0002e850, Max: 0xffffffff, ABSOLUTE)

    Exec Addr    Load Addr    Size         Type   Attr      Idx    E Section Name        Object

    0x00000000   0x00000000   0x00000284   Code   RO            3  * RESET               startup.o
    0x00000284   0x00000284   0x00000008   Code   RO         1349  * !!!main             c_w.l(__main.o)
    0x0000028c   0x0000028c   0x00000034   Code   RO         1508    !!!scatter          c_w.l(__scatter.o)
    0x000002c0   0x000002c0   0x0000003a   Code   RO         1506    !!dczerorl          c_w.l(__dczerorl.o)
    0x000002fa   0x000002fa   0x00000002   PAD
    0x000002fc   0x000002fc   0x0000001c   Code   RO         1510    !!handler_zi        c_w.l(__scatter_zi.o)
    0x00000318   0x00000318   0x00000002   Code   RO         1376    .ARM.Collect$$libinit$$00000000  c_w.l(libinit.o)
    0x0000031a   0x0000031a   0x00000000   Code   RO         1383    .ARM.Collect$$libinit$$00000002  c_w.l(libinit2.o)
    0x0000031a   0x0000031a   0x00000000   Code   RO         1385    .ARM.Collect$$libinit$$00000004  c_w.l(libinit2.o)
    0x0000031a   0x0000031a   0x00000000   Code   RO         1388    .ARM.Collect$$libinit$$0000000A  c_w.l(libinit2.o)
    0x0000031a   0x0000031a   0x00000000   Code   RO         1390    .ARM.Collect$$libinit$$0000000C  c_w.l(libinit2.o)
    0x0000031a   0x0000031a   0x00000000   Code   RO         1392    .ARM.Collect$$libinit$$0000000E  c_w.l(libinit2.o)
    0x0000031a   0x0000031a   0x00000000   Code   RO         1395    .ARM.Collect$$libinit$$00000011  c_w.l(libinit2.o)
    0x0000031a   0x0000031a   0x00000000   Code   RO         1397    .ARM.Collect$$libinit$$00000013  c_w.l(libinit2.o)
    0x0000031a   0x0000031a   0x00000000   Code   RO         1399    .ARM.Collect$$libinit$$00000015  c_w.l(libinit2.o)
    0x0000031a   0x0000031a   0x00000000   Code   RO         1401    .ARM.Collect$$libinit$$00000017  c_w.l(libinit2.o)
    0x0000031a   0x0000031a   0x00000000   Code   RO         1403    .ARM.Collect$$libinit$$00000019  c_w.l(libinit2.o)
    0x0000031a   0x0000031a   0x00000000   Code   RO         1405    .ARM.Collect$$libinit$$0000001B  c_w.l(libinit2.o)
    0x0000031a   0x0000031a   0x00000000   Code   RO         1407    .ARM.Collect$$libinit$$0000001D  c_w.l(libinit2.o)
    0x0000031a   0x0000031a   0x00000000   Code   RO         1409    .ARM.Collect$$libinit$$0000001F  c_w.l(libinit2.o)
    0x0000031a   0x0000031a   0x00000000   Code   RO         1411    .ARM.Collect$$libinit$$00000021  c_w.l(libinit2.o)
    0x0000031a   0x0000031a   0x00000000   Code   RO         1413    .ARM.Collect$$libinit$$00000023  c_w.l(libinit2.o)
    0x0000031a   0x0000031a   0x00000000   Code   RO         1415    .ARM.Collect$$libinit$$00000025  c_w.l(libinit2.o)
    0x0000031a   0x0000031a   0x00000000   Code   RO         1419    .ARM.Collect$$libinit$$0000002C  c_w.l(libinit2.o)
    0x0000031a   0x0000031a   0x00000000   Code   RO         1421    .ARM.Collect$$libinit$$0000002E  c_w.l(libinit2.o)
    0x0000031a   0x0000031a   0x00000000   Code   RO         1423    .ARM.Collect$$libinit$$00000030  c_w.l(libinit2.o)
    0x0000031a   0x0000031a   0x00000000   Code   RO         1425    .ARM.Collect$$libinit$$00000032  c_w.l(libinit2.o)
    0x0000031a   0x0000031a   0x00000002   Code   RO         1426    .ARM.Collect$$libinit$$00000033  c_w.l(libinit2.o)
    0x0000031c   0x0000031c   0x00000002   Code   RO         1446    .ARM.Collect$$libshutdown$$00000000  c_w.l(libshutdown.o)
    0x0000031e   0x0000031e   0x00000000   Code   RO         1459    .ARM.Collect$$libshutdown$$00000002  c_w.l(libshutdown2.o)
    0x0000031e   0x0000031e   0x00000000   Code   RO         1461    .ARM.Collect$$libshutdown$$00000004  c_w.l(libshutdown2.o)
    0x0000031e   0x0000031e   0x00000000   Code   RO         1464    .ARM.Collect$$libshutdown$$00000007  c_w.l(libshutdown2.o)
    0x0000031e   0x0000031e   0x00000000   Code   RO         1467    .ARM.Collect$$libshutdown$$0000000A  c_w.l(libshutdown2.o)
    0x0000031e   0x0000031e   0x00000000   Code   RO         1469    .ARM.Collect$$libshutdown$$0000000C  c_w.l(libshutdown2.o)
    0x0000031e   0x0000031e   0x00000000   Code   RO         1472    .ARM.Collect$$libshutdown$$0000000F  c_w.l(libshutdown2.o)
    0x0000031e   0x0000031e   0x00000002   Code   RO         1473    .ARM.Collect$$libshutdown$$00000010  c_w.l(libshutdown2.o)
    0x00000320   0x00000320   0x00000000   Code   RO         1351    .ARM.Collect$$rtentry$$00000000  c_w.l(__rtentry.o)
    0x00000320   0x00000320   0x00000000   Code   RO         1353    .ARM.Collect$$rtentry$$00000002  c_w.l(__rtentry2.o)
    0x00000320   0x00000320   0x00000006   Code   RO         1365    .ARM.Collect$$rtentry$$00000004  c_w.l(__rtentry4.o)
    0x00000326   0x00000326   0x00000000   Code   RO         1355    .ARM.Collect$$rtentry$$00000009  c_w.l(__rtentry2.o)
    0x00000326   0x00000326   0x00000004   Code   RO         1356    .ARM.Collect$$rtentry$$0000000A  c_w.l(__rtentry2.o)
    0x0000032a   0x0000032a   0x00000000   Code   RO         1358    .ARM.Collect$$rtentry$$0000000C  c_w.l(__rtentry2.o)
    0x0000032a   0x0000032a   0x00000008   Code   RO         1359    .ARM.Collect$$rtentry$$0000000D  c_w.l(__rtentry2.o)
    0x00000332   0x00000332   0x00000002   Code   RO         1380    .ARM.Collect$$rtexit$$00000000  c_w.l(rtexit.o)
    0x00000334   0x00000334   0x00000000   Code   RO         1428    .ARM.Collect$$rtexit$$00000002  c_w.l(rtexit2.o)
    0x00000334   0x00000334   0x00000004   Code   RO         1429    .ARM.Collect$$rtexit$$00000003  c_w.l(rtexit2.o)
    0x00000338   0x00000338   0x00000006   Code   RO         1430    .ARM.Collect$$rtexit$$00000004  c_w.l(rtexit2.o)
    0x0000033e   0x0000033e   0x00000002   PAD
    0x00000340   0x00000340   0x00000030   Code   RO            4    .text               startup.o
    0x00000370   0x00000370   0x00000040   Code   RO           13    .text               random.o
    0x000003b0   0x000003b0   0x00000006   Code   RO         1347    .text               c_w.l(heapauxi.o)
    0x000003b6   0x000003b6   0x0000004a   Code   RO         1367    .text               c_w.l(sys_stackheap_outer.o)
    0x00000400   0x00000400   0x00000012   Code   RO         1369    .text               c_w.l(exit.o)
    0x00000412   0x00000412   0x00000002   PAD
    0x00000414   0x00000414   0x00000008   Code   RO         1377    .text               c_w.l(libspace.o)
    0x0000041c   0x0000041c   0x0000000c   Code   RO         1438    .text               c_w.l(sys_exit.o)
    0x00000428   0x00000428   0x00000002   Code   RO         1449    .text               c_w.l(use_no_semi.o)
    0x0000042a   0x0000042a   0x00000000   Code   RO         1451    .text               c_w.l(indicate_semi.o)
    0x0000042a   0x0000042a   0x00000002   PAD
    0x0000042c   0x0000042c   0x00000058   Code   RO          332    i.ADC0Seq0_Handler  adc.o
    0x00000484   0x00000484   0x00000058   Code   RO         1312    i.ADC0Seq1_Handler  expansion_card.o
    0x000004dc   0x000004dc   0x0000000c   Code   RO          333    i.ADC0_In_x         adc.o
    0x000004e8   0x000004e8   0x0000000c   Code   RO          334    i.ADC0_In_y         adc.o
    0x000004f4   0x000004f4   0x00000108   Code   RO          335    i.ADC0_Init         adc.o
    0x000005fc   0x000005fc   0x0000000e   Code   RO           16    i.Absolute_val      spaceinvaders.o
    0x0000060a   0x0000060a   0x00000002   PAD
    0x0000060c   0x0000060c   0x000001cc   Code   RO          480    i.Accelerometer_init  accelerometer.o
    0x000007d8   0x000007d8   0x00000380   Code   RO           17    i.BigExplosions1    spaceinvaders.o
    0x00000b58   0x00000b58   0x0000029c   Code   RO           18    i.Boss_Fire_back    spaceinvaders.o
    0x00000df4   0x00000df4   0x000001ec   Code   RO           19    i.Boss_special_wepon  spaceinvaders.o
    0x00000fe0   0x00000fe0   0x000000d0   Code   RO          481    i.Convert_accelerometer1  accelerometer.o
    0x000010b0   0x000010b0   0x000000d0   Code   RO          482    i.Convert_accelerometer2  accelerometer.o
    0x00001180   0x00001180   0x000000a4   Code   RO           20    i.Convert_x         spaceinvaders.o
    0x00001224   0x00001224   0x000000b0   Code   RO           21    i.Convert_y         spaceinvaders.o
    0x000012d4   0x000012d4   0x0000007c   Code   RO          365    i.DAC_Init          dac.o
    0x00001350   0x00001350   0x0000000c   Code   RO          366    i.DAC_Out           dac.o
    0x0000135c   0x0000135c   0x00000024   Code   RO           22    i.Delay100ms        spaceinvaders.o
    0x00001380   0x00001380   0x00000020   Code   RO          531    i.Delay1ms          st7735.o
    0x000013a0   0x000013a0   0x00000860   Code   RO           23    i.Draw_Boss         spaceinvaders.o
    0x00001c00   0x00001c00   0x000002bc   Code   RO           24    i.Draw_Sprites      spaceinvaders.o
    0x00001ebc   0x00001ebc   0x00000290   Code   RO           25    i.Draw_player       spaceinvaders.o
    0x0000214c   0x0000214c   0x00000070   Code   RO           26    i.Draw_wepon        spaceinvaders.o
    0x000021bc   0x000021bc   0x000000dc   Code   RO           27    i.EdgeCounter_Init  spaceinvaders.o
    0x00002298   0x00002298   0x000002d0   Code   RO           28    i.Enemy_Fire_back   spaceinvaders.o
    0x00002568   0x00002568   0x00000118   Code   RO         1313    i.Expansion_Init    expansion_card.o
    0x00002680   0x00002680   0x00000028   Code   RO           29    i.GPIOPortE_Handler  spaceinvaders.o
    0x000026a8   0x000026a8   0x0000001c   Code   RO           30    i.GPIOPortF_Handler  spaceinvaders.o
    0x000026c4   0x000026c4   0x00000090   Code   RO           31    i.Init_Boss         spaceinvaders.o
    0x00002754   0x00002754   0x00000b90   Code   RO           33    i.Intro_story       spaceinvaders.o
    0x000032e4   0x000032e4   0x000002d4   Code   RO           34    i.Kill_Boss         spaceinvaders.o
    0x000035b8   0x000035b8   0x00000034   Code   RO           35    i.Kill_Player       spaceinvaders.o
    0x000035ec   0x000035ec   0x00000078   Code   RO           36    i.Kill_sprite       spaceinvaders.o
    0x00003664   0x00003664   0x0000000c   Code   RO         1314    i.Light_In          expansion_card.o
    0x00003670   0x00003670   0x000001cc   Code   RO           37    i.Losing_screen     spaceinvaders.o
    0x0000383c   0x0000383c   0x0000001e   Code   RO           38    i.Map               spaceinvaders.o
    0x0000385a   0x0000385a   0x00000002   PAD
    0x0000385c   0x0000385c   0x000000fc   Code   RO           39    i.Move_Boss         spaceinvaders.o
    0x00003958   0x00003958   0x000004fc   Code   RO           40    i.Move_Boss_Wepon   spaceinvaders.o
    0x00003e54   0x00003e54   0x00000508   Code   RO           41    i.Move_Enemy_Wepon  spaceinvaders.o
    0x0000435c   0x0000435c   0x00000100   Code   RO           42    i.Move_Sprites      spaceinvaders.o
    0x0000445c   0x0000445c   0x00000378   Code   RO           43    i.Move_wepon        spaceinvaders.o
    0x000047d4   0x000047d4   0x0000000a   Code   RO          532    i.Output_Clear      st7735.o
    0x000047de   0x000047de   0x00000002   PAD
    0x000047e0   0x000047e0   0x0000007c   Code   RO          519    i.PLL_Init          pll.o
    0x0000485c   0x0000485c   0x00000038   Code   RO          398    i.Play              sound.o
    0x00004894   0x00004894   0x000000b0   Code   RO           44    i.Player_Fire_back  spaceinvaders.o
    0x00004944   0x00004944   0x0000007c   Code   RO           46    i.PortF_Init        spaceinvaders.o
    0x000049c0   0x000049c0   0x0000018c   Code   RO           47    i.Respawn           spaceinvaders.o
    0x00004b4c   0x00004b4c   0x00000018   Code   RO          537    i.ST7735_Color565   st7735.o
    0x00004b64   0x00004b64   0x00000120   Code   RO          538    i.ST7735_DrawBitmap  st7735.o
    0x00004c84   0x00004c84   0x00000110   Code   RO          539    i.ST7735_DrawChar   st7735.o
    0x00004d94   0x00004d94   0x000000f8   Code   RO          540    i.ST7735_DrawCharS  st7735.o
    0x00004e8c   0x00004e8c   0x00000048   Code   RO          543    i.ST7735_DrawPixel  st7735.o
    0x00004ed4   0x00004ed4   0x0000005c   Code   RO          544    i.ST7735_DrawString  st7735.o
    0x00004f30   0x00004f30   0x000000ac   Code   RO          545    i.ST7735_FillRect   st7735.o
    0x00004fdc   0x00004fdc   0x00000024   Code   RO          546    i.ST7735_FillScreen  st7735.o
    0x00005000   0x00005000   0x0000007c   Code   RO          547    i.ST7735_InitR      st7735.o
    0x0000507c   0x0000507c   0x000000dc   Code   RO          549    i.ST7735_OutChar    st7735.o
    0x00005158   0x00005158   0x0000001c   Code   RO          550    i.ST7735_OutString  st7735.o
    0x00005174   0x00005174   0x00000090   Code   RO          551    i.ST7735_OutUDec    st7735.o
    0x00005204   0x00005204   0x00000020   Code   RO          560    i.ST7735_SetCursor  st7735.o
    0x00005224   0x00005224   0x00000460   Code   RO           48    i.Small_Explosion   spaceinvaders.o
    0x00005684   0x00005684   0x00000014   Code   RO          399    i.Sound_Explosion   sound.o
    0x00005698   0x00005698   0x00000014   Code   RO          400    i.Sound_Highpitch   sound.o
    0x000056ac   0x000056ac   0x00000034   Code   RO          401    i.Sound_Init        sound.o
    0x000056e0   0x000056e0   0x00000014   Code   RO          402    i.Sound_Killed      sound.o
    0x000056f4   0x000056f4   0x00000014   Code   RO          403    i.Sound_LowPitch    sound.o
    0x00005708   0x00005708   0x00000034   Code   RO          404    i.Sound_Play        sound.o
    0x0000573c   0x0000573c   0x00000014   Code   RO          405    i.Sound_Shoot       sound.o
    0x00005750   0x00005750   0x00000044   Code   RO           49    i.Star_draw         spaceinvaders.o
    0x00005794   0x00005794   0x00000078   Code   RO           50    i.Star_generator    spaceinvaders.o
    0x0000580c   0x0000580c   0x0000005c   Code   RO           51    i.Star_move         spaceinvaders.o
    0x00005868   0x00005868   0x00000054   Code   RO           52    i.Status_update     spaceinvaders.o
    0x000058bc   0x000058bc   0x0000006c   Code   RO          386    i.Switchs_Init      switch.o
    0x00005928   0x00005928   0x000000d8   Code   RO           53    i.Switchs_Interrupt  spaceinvaders.o
    0x00005a00   0x00005a00   0x00000018   Code   RO           54    i.SysTick_Handler   spaceinvaders.o
    0x00005a18   0x00005a18   0x00000050   Code   RO           55    i.SysTick_Init      spaceinvaders.o
    0x00005a68   0x00005a68   0x00000018   Code   RO          459    i.Timer0A_Handler   timer0.o
    0x00005a80   0x00005a80   0x00000060   Code   RO          460    i.Timer0_Init       timer0.o
    0x00005ae0   0x00005ae0   0x00000014   Code   RO          790    i.Timer5A_Handler   diskio.o
    0x00005af4   0x00005af4   0x00000098   Code   RO           56    i.UART3_Handler     spaceinvaders.o
    0x00005b8c   0x00005b8c   0x000000c8   Code   RO         1220    i.UART_Init         bluetooth.o
    0x00005c54   0x00005c54   0x00000018   Code   RO         1226    i.UART_Tx           bluetooth.o
    0x00005c6c   0x00005c6c   0x0000006c   Code   RO           57    i.Vibration_motor_init  spaceinvaders.o
    0x00005cd8   0x00005cd8   0x00000080   Code   RO          483    i.WideTimer0A_Handler  accelerometer.o
    0x00005d58   0x00005d58   0x00000080   Code   RO          484    i.WideTimer0B_Handler  accelerometer.o
    0x00005dd8   0x00005dd8   0x00000056   Code   RO          564    i.commandList       st7735.o
    0x00005e2e   0x00005e2e   0x00000002   PAD
    0x00005e30   0x00005e30   0x00000188   Code   RO          565    i.commonInit        st7735.o
    0x00005fb8   0x00005fb8   0x00000040   Code   RO          797    i.disk_timerproc    diskio.o
    0x00005ff8   0x00005ff8   0x00000048   Code   RO          568    i.fillmessage       st7735.o
    0x00006040   0x00006040   0x000000f4   Code   RO           58    i.generate_sprite   spaceinvaders.o
    0x00006134   0x00006134   0x000002bc   Code   RO           59    i.health_bar        spaceinvaders.o
    0x000063f0   0x000063f0   0x00000988   Code   RO           60    i.main              spaceinvaders.o
    0x00006d78   0x00006d78   0x00000124   Code   RO           61    i.power_bar         spaceinvaders.o
    0x00006e9c   0x00006e9c   0x00000012   Code   RO          569    i.pushColor         st7735.o
    0x00006eae   0x00006eae   0x00000002   PAD
    0x00006eb0   0x00006eb0   0x00000074   Code   RO          570    i.setAddrWindow     st7735.o
    0x00006f24   0x00006f24   0x000004b4   Code   RO           62    i.special_wepon     spaceinvaders.o
    0x000073d8   0x000073d8   0x00000030   Code   RO          571    i.writecommand      st7735.o
    0x00007408   0x00007408   0x00000024   Code   RO          572    i.writedata         st7735.o
    0x0000742c   0x0000742c   0x0001c174   Data   RO           64    .constdata          spaceinvaders.o
    0x000235a0   0x000235a0   0x0000ab13   Data   RO          406    .constdata          sound.o
    0x0002e0b3   0x0002e0b3   0x0000077b   Data   RO          574    .constdata          st7735.o
    0x0002e82e   0x0002e82e   0x00000002   PAD
    0x0002e830   0x0002e830   0x00000020   Data   RO         1504    Region$$Table       anon$$obj.o


    Execution Region ER_RW (Exec base: 0x20000000, Load base: 0x0002e850, Size: 0x00000174, Max: 0xffffffff, ABSOLUTE, COMPRESSED[0x0000002c])

    Exec Addr    Load Addr    Size         Type   Attr      Idx    E Section Name        Object

    0x20000000   COMPRESSED   0x000000a7   Data   RW           65    .data               spaceinvaders.o
    0x200000a7   COMPRESSED   0x00000001   PAD
    0x200000a8   COMPRESSED   0x0000000c   Data   RW          336    .data               adc.o
    0x200000b4   COMPRESSED   0x0000000c   Data   RW          407    .data               sound.o
    0x200000c0   COMPRESSED   0x00000004   Data   RW          461    .data               timer0.o
    0x200000c4   COMPRESSED   0x00000064   Data   RW          485    .data               accelerometer.o
    0x20000128   COMPRESSED   0x0000002c   Data   RW          575    .data               st7735.o
    0x20000154   COMPRESSED   0x0000000d   Data   RW          809    .data               diskio.o
    0x20000161   COMPRESSED   0x00000003   PAD
    0x20000164   COMPRESSED   0x0000000c   Data   RW         1316    .data               expansion_card.o
    0x20000170   COMPRESSED   0x00000004   Data   RW           12    DATA                random.o


    Execution Region ER_ZI (Exec base: 0x20000174, Load base: 0x0002e87c, Size: 0x000009d4, Max: 0xffffffff, ABSOLUTE)

    Exec Addr    Load Addr    Size         Type   Attr      Idx    E Section Name        Object

    0x20000174        -       0x00000568   Zero   RW           63    .bss                spaceinvaders.o
    0x200006dc        -       0x0000000c   Zero   RW          573    .bss                st7735.o
    0x200006e8        -       0x00000060   Zero   RW         1378    .bss                c_w.l(libspace.o)
    0x20000748        -       0x00000000   Zero   RW            2    HEAP                startup.o
    0x20000748        -       0x00000400   Zero   RW            1    STACK               startup.o


==============================================================================

Image component sizes


      Code (inc. data)   RO Data    RW Data    ZI Data      Debug   Object Name

      1132        194          0        100          0       3525   accelerometer.o
       376         62          0         12          0       2026   adc.o
       224         28          0          0          0        874   bluetooth.o
       136         24          0          0          0        865   dac.o
        84         18          0         13          0       3439   diskio.o
       380         60          0         12          0       1704   expansion_card.o
       124          4          0          0          0        443   pll.o
        64         14          0          4          0        232   random.o
       260         78      43795         12          0       4174   sound.o
     23156       1666     115060        167       1384      41138   spaceinvaders.o
      2562        246       1915         44         12      16652   st7735.o
       692        632          0          0       1024        972   startup.o
       108         16          0          0          0        463   switch.o
       120         30          0          4          0       1387   timer0.o

    ----------------------------------------------------------------------
     29428       3072     160804        372       2420      77894   Object Totals
         0          0         32          0          0          0   (incl. Generated)
        10          0          2          4          0          0   (incl. Padding)

    ----------------------------------------------------------------------

      Code (inc. data)   RO Data    RW Data    ZI Data      Debug   Library Member Name

        58          0          0          0          0          0   __dczerorl.o
         8          0          0          0          0         68   __main.o
         0          0          0          0          0          0   __rtentry.o
        12          0          0          0          0          0   __rtentry2.o
         6          0          0          0          0          0   __rtentry4.o
        52          8          0          0          0          0   __scatter.o
        28          0          0          0          0          0   __scatter_zi.o
        18          0          0          0          0         80   exit.o
         6          0          0          0          0        152   heapauxi.o
         0          0          0          0          0          0   indicate_semi.o
         2          0          0          0          0          0   libinit.o
         2          0          0          0          0          0   libinit2.o
         2          0          0          0          0          0   libshutdown.o
         2          0          0          0          0          0   libshutdown2.o
         8          4          0          0         96         68   libspace.o
         2          0          0          0          0          0   rtexit.o
        10          0          0          0          0          0   rtexit2.o
        12          4          0          0          0         68   sys_exit.o
        74          0          0          0          0         80   sys_stackheap_outer.o
         2          0          0          0          0         68   use_no_semi.o

    ----------------------------------------------------------------------
       312         16          0          0         96        584   Library Totals
         8          0          0          0          0          0   (incl. Padding)

    ----------------------------------------------------------------------

      Code (inc. data)   RO Data    RW Data    ZI Data      Debug   Library Name

       304         16          0          0         96        584   c_w.l

    ----------------------------------------------------------------------
       312         16          0          0         96        584   Library Totals

    ----------------------------------------------------------------------

==============================================================================


      Code (inc. data)   RO Data    RW Data    ZI Data      Debug   

     29740       3088     160804        372       2516      73534   Grand Totals
     29740       3088     160804         44       2516      73534   ELF Image Totals (compressed)
     29740       3088     160804         44          0          0   ROM Totals

==============================================================================

    Total RO  Size (Code + RO Data)               190544 ( 186.08kB)
    Total RW  Size (RW Data + ZI Data)              2888 (   2.82kB)
    Total ROM Size (Code + RO Data + RW Data)     190588 ( 186.12kB)

==============================================================================

